
> mindware-admin-panel@0.1.0 build C:\Users\Drusil Paulo\Documents\GitHub\mindware-admin-panel
> next build

node.exe : [baseline-
browser-mapping] The 
data in this module 
is over two months 
old.  To ensure 
accurate Baseline 
data, please update: 
`npm i baseline-brows
er-mapping@latest -D`
At C:\Users\Drusil Pa
ulo\AppData\Roaming\n
pm\pnpm.ps1:24 char:5
+     & "node$exe"  "
$basedir/node_modules
/pnpm/bin/pnpm.cjs" 
$args
+     ~~~~~~~~~~~~~~~
~~~~~~~~~~~~~~~~~~~~~
~~~~~~~~~~~~~~~~~~~~~
~~~~
    + CategoryInfo   
           : 
NotSpecified: ([    b
aseline-brows...ping 
   @latest 
-D`:String) [    ], 
RemoteException
    + 
FullyQualifiedError  
  Id : 
NativeCommandErr    
or
 
 ÔÜá turbopack.root 
should be absolute, 
using: 
C:\Users\Drusil Paulo
\Documents\GitHub\min
dware-admin-panel
   Ôû▓ Next.js 16.0.10 (Turbopack)
   - Environments: .env

   Creating an optimized production build ...
[baseline-browser-map
ping] The data in 
this module is over 
two months old.  To 
ensure accurate 
Baseline data, 
please update: `npm 
i baseline-browser-ma
pping@latest -D`

> Build error 
occurred
Error: ENOENT: no 
such file or 
directory, open 
'C:\Users\Drusil Paul
o\Documents\GitHub\mi
ndware-admin-panel\.n
ext\static\A8Lu4ih7fd
QUZyylarnTY\_buildMan
ifest.js.tmp.zhoileht
1h9'
    at ignore-listed 
frames
ÔÇëELIFECYCLEÔÇë Command failed with exit code 1.
